// Jest Snapshot v1, https://jestjs.io/docs/snapshot-testing

exports[`TestGeneratorTool should render correctly 1`] = `
<div>
  <div
    class="min-h-screen bg-gradient-to-br from-slate-900 via-purple-900 to-slate-900 p-6"
  >
    <div
      class="max-w-7xl mx-auto"
    >
      <div
        class="text-center mb-8"
      >
        <div
          class="flex justify-between items-center mb-4"
        >
          <div
            class="flex gap-2"
          >
            <button
              class="px-4 py-2 rounded-lg bg-slate-800 text-white hover:opacity-80 transition-all text-sm"
              data-testid="clear-history-button"
              title="Limpar hist√≥rico salvo"
            >
              üóëÔ∏è Limpar
            </button>
          </div>
          <button
            class="px-4 py-2 rounded-lg bg-slate-800 text-white hover:opacity-80 transition-all text-sm"
            data-testid="theme-toggle-button"
            title="Mudar para tema claro"
          >
            ‚òÄÔ∏è
          </button>
        </div>
        <h1
          class="text-4xl font-bold text-white mb-2 flex items-center justify-center gap-3"
        >
          <div>
            Zap Icon
          </div>
          Gerador de Testes Unit√°rios
        </h1>
        <p
          class="text-purple-200"
        >
          Crie, atualize e corrija testes seguindo seu padr√£o
        </p>
      </div>
      <div
        class="flex gap-2 mb-6"
      >
        <button
          class="flex items-center gap-2 px-6 py-3 rounded-lg font-semibold transition-all bg-purple-600 text-slate-200 shadow-lg"
          data-testid="tab-generate"
        >
          <div>
            Wand2 Icon
          </div>
          Gerar Teste
        </button>
        <button
          class="flex items-center gap-2 px-6 py-3 rounded-lg font-semibold transition-all bg-slate-800 text-slate-300 hover:bg-slate-700"
          data-testid="tab-fix"
        >
          <div>
            AlertCircle Icon
          </div>
          Corrigir Erro
        </button>
      </div>
      <div
        class="grid grid-cols-1 lg:grid-cols-2 gap-6"
      >
        <div
          class="space-y-4"
        >
          <div
            class="bg-slate-800 rounded-lg p-6 shadow-xl"
          >
            <label
              class="flex items-center gap-2 text-white font-semibold mb-3"
            >
              <div>
                Code Icon
              </div>
              C√≥digo do Componente/Hook
            </label>
            <textarea
              class="w-full h-96 bg-slate-900 bg-slate-900 text-slate-100 border-slate-700  focus:border-purple-500 focus:outline-none resize-none"
              data-testid="component-code-input"
              placeholder="Cole aqui o c√≥digo do componente ou hook que deseja testar..."
            />
          </div>
          <button
            class="w-full bg-gradient-to-r from-purple-600 to-pink-600 text-slate-200 py-4 rounded-lg font-bold text-lg hover:from-purple-700 hover:to-pink-700 transition-all disabled:opacity-50 flex items-center justify-center gap-2"
            data-testid="generate-button"
          >
            <div>
              Wand2 Icon
            </div>
            Gerar Testes
          </button>
        </div>
        <div
          class="space-y-4"
        >
          <div
            class="bg-slate-800 rounded-lg p-6 shadow-xl"
          >
            <label
              class="flex items-center gap-2 text-white font-semibold mb-3"
            >
              <div>
                Code Icon
              </div>
              C√≥digo do Teste Gerado
            </label>
            <textarea
              class="w-full h-[600px] bg-slate-900 text-slate-100 rounded-lg p-4 font-mono text-sm border-slate-700 border focus:outline-none resize-none"
              data-testid="generated-test-output"
              placeholder="O resultado aparecer√° aqui..."
              readonly=""
            />
          </div>
        </div>
      </div>
      <div
        class="mt-8 bg-gradient-to-r from-blue-900/50 to-purple-900/50 rounded-lg p-6 border border-blue-700"
      >
        <h3
          class="text-white font-bold mb-3 flex items-center gap-2"
        >
          <div>
            FileText Icon
          </div>
          Dicas R√°pidas
        </h3>
        <ul
          class="text-blue-200 space-y-2 text-sm"
        >
          <li>
            ‚úì Sempre adicione data-testid nos elementos importantes para facilitar os testes
          </li>
          <li>
            ‚úì Use waitFor() para opera√ß√µes ass√≠ncronas
          </li>
          <li>
            ‚úì Prefira userEvent sobre fireEvent para intera√ß√µes mais realistas
          </li>
          <li>
            ‚úì Execute 'npm test -- -u' para atualizar snapshots ap√≥s mudan√ßas intencionais
          </li>
          <li>
            ‚úì Use screen.debug() para visualizar o DOM durante o desenvolvimento
          </li>
        </ul>
      </div>
    </div>
  </div>
</div>
`;
